==> Android: SM-A175F
==> Instalando somente o aplicativo de benchmark; WA-Keeper não será substituído nem parado
> Task :benchmark:preBuild UP-TO-DATE
> Task :benchmark:preDebugBuild UP-TO-DATE
> Task :benchmark:mergeDebugNativeDebugMetadata NO-SOURCE
> Task :benchmark:checkKotlinGradlePluginConfigurationErrors
> Task :benchmark:checkDebugAarMetadata UP-TO-DATE
> Task :benchmark:generateDebugResValues UP-TO-DATE
> Task :benchmark:mapDebugSourceSetPaths UP-TO-DATE
> Task :benchmark:generateDebugResources UP-TO-DATE
> Task :benchmark:mergeDebugResources UP-TO-DATE
> Task :benchmark:packageDebugResources UP-TO-DATE
> Task :benchmark:parseDebugLocalResources UP-TO-DATE
> Task :benchmark:createDebugCompatibleScreenManifests UP-TO-DATE
> Task :benchmark:extractDeepLinksDebug UP-TO-DATE
> Task :benchmark:processDebugMainManifest UP-TO-DATE
> Task :benchmark:processDebugManifest UP-TO-DATE
> Task :benchmark:processDebugManifestForPackage UP-TO-DATE
> Task :benchmark:processDebugResources UP-TO-DATE
> Task :benchmark:compileDebugKotlin UP-TO-DATE
> Task :benchmark:javaPreCompileDebug UP-TO-DATE
> Task :benchmark:compileDebugJavaWithJavac NO-SOURCE
> Task :benchmark:mergeDebugShaders UP-TO-DATE
> Task :benchmark:compileDebugShaders NO-SOURCE
> Task :benchmark:generateDebugAssets UP-TO-DATE
> Task :benchmark:mergeDebugAssets UP-TO-DATE
> Task :benchmark:compressDebugAssets UP-TO-DATE
> Task :benchmark:desugarDebugFileDependencies UP-TO-DATE
> Task :benchmark:dexBuilderDebug UP-TO-DATE
> Task :benchmark:mergeDebugGlobalSynthetics UP-TO-DATE
> Task :benchmark:processDebugJavaRes UP-TO-DATE
> Task :benchmark:mergeDebugJavaResource UP-TO-DATE
> Task :benchmark:checkDebugDuplicateClasses UP-TO-DATE
> Task :benchmark:mergeExtDexDebug UP-TO-DATE
> Task :benchmark:mergeLibDexDebug UP-TO-DATE
> Task :benchmark:mergeProjectDexDebug UP-TO-DATE
> Task :benchmark:mergeDebugJniLibFolders UP-TO-DATE
> Task :benchmark:mergeDebugNativeLibs UP-TO-DATE
> Task :benchmark:stripDebugDebugSymbols UP-TO-DATE
> Task :benchmark:validateSigningDebug UP-TO-DATE
> Task :benchmark:writeDebugAppMetadata UP-TO-DATE
> Task :benchmark:writeDebugSigningConfigVersions UP-TO-DATE
> Task :benchmark:packageDebug UP-TO-DATE
> Task :benchmark:createDebugApkListingFileRedirect UP-TO-DATE
> Task :benchmark:assembleDebug UP-TO-DATE

BUILD SUCCESSFUL in 8s
36 actionable tasks: 1 executed, 35 up-to-date
==> Procurando áudios reais nas áreas públicas de mídia do Android
==> Candidatos encontrados: 200
==> Amostra escolhida: 217.888s
==> WA-Keeper continua instalado e operando normalmente durante todo o teste
diagnostics/asr-preprocess-benchmark/2026-10-02-16-21-14-standalone/variants/original.wav: 1 file pushed, 0 skipped. 45.9 MB/s (6972606 bytes in 0.145s)
==> Rodada 1 | ordem 1 | original | 217.888000s
==> Aguardando 120s; o celular pode continuar sendo usado normalmente
diagnostics/asr-preprocess-benchmark/2026-10-02-16-21-14-standalone/variants/silence_speed115.wav: 1 file pushed, 0 skipped. 63.6 MB/s (5879914 bytes in 0.088s)
==> Rodada 1 | ordem 2 | silence_speed115 | 183.741375s
ERRO: timeout: rodada 1 / silence_speed115
