# WA-Keeper local-backup evidence
started_at=2026-10-02T15:26:03-03:00
python=3.10.12
dry_run=False
audio_only=False
documents_only=False
adb_online_devices=1
adb_device_selection=single
db_source=adb
db_attempt_existing_run_as_rc=0
db_attempt_existing_run_as_sqlite=False
db_existing_run_as_message=run-as: package not debuggable: br.com.wanotifkeeper | 
package_run_as_available=False
debug_bridge=required
gradle_task=assembleDebug
gradle_assembleDebug_rc=0
install_debug_rc=0
install_debug_result=Performing Streamed Install | Success
debug_bridge_installed_flag=true
package_run_as_available=True
debug_bridge=installed
app_force_stop=done
db_main_rc=0
db_main_sqlite=True
db_sidecar_wal=copied
db_sidecar_shm=copied
db_access=temporary_debug_bridge
db_header_valid=True
media_seen=20
media_copied=20
media_failed=0
exit_code=0
finished_at=2026-10-02T15:26:58-03:00
restore_release=begin
gradle_task=assembleRelease
gradle_assembleRelease_rc=0
install_release_rc=0
install_release_result=Performing Streamed Install | Success
restore_release=ok
